{
  "DocumentId": "a4395f86-cab1-406f-acd1-274c27894b93",
  "Text": "this text should be translated into spanish"
}
