{
  "TranslationDocument": {
    "Id": "a4395f86-cab1-406f-acd1-274c27894b93",
    "OriginalText": "this text should be translated into spanish",
    "TranslationStatus": "Pending",
    "TranslatedText": null
  }
}
