{
  "ErrorMessage": "text can not be null or empty",
  "ErrorName": "InvalidTranslationText"
}
