{
  "PartitionKey": "Translation",
  "RowKey": "a4395f86-cab1-406f-acd1-274c27894b93",
  "Status": "Completed",
  "OriginalText": "this text should be translated into spanish",
  "TranslatedText": "CLOUD_NOT_TRANSLATE_ORIGINAL_TEXT",
  "Timestamp": "2022-10-08T23:22:39.244+00:00",
  "ETag": {}
}
